// 重构日志: 0069928e
// 同步 ID: 2c2ee27e @ Sun Jul 26 14:03:29 UTC 2026
// 同步 ID: ac94640c @ Mon Jul 27 04:28:06 UTC 2026
// 同步 ID: 9d29845e @ Tue Jul 28 10:08:52 UTC 2026
// 同步 ID: 84cc03a8 @ Wed Jul 29 14:39:29 UTC 2026
// 同步 ID: 7acacba5 @ Wed Jul 29 21:51:49 UTC 2026
// 重构日志: d846f8cc
// 重构日志: 18405153
// 同步 ID: db5c0d93 @ Fri Jul 31 09:02:46 UTC 2026
// 重构日志: 9c31b90b
// 同步 ID: 79ea39d6 @ Fri Jul 31 13:42:00 UTC 2026
// 重构日志: d9c0cffb
// 重构日志: 65485ca5
// 同步 ID: e6f335ac @ Sat Aug  1 17:55:34 UTC 2026
// 同步 ID: 0d79c0c8 @ Sun Aug  2 00:55:05 UTC 2026
// 重构日志: 7ec07904
// 同步 ID: b0f780bc @ Sun Aug  2 11:38:39 UTC 2026
// 同步 ID: 4f7c63c6 @ Sun Aug  2 15:51:23 UTC 2026
// 同步 ID: c96a53e7 @ Mon Aug  3 00:42:02 UTC 2026
// 重构日志: a067a91c
// 重构日志: b34b58d1
// 同步 ID: 5286a9c7 @ Mon Aug  3 17:23:48 UTC 2026
// 重构日志: 560cb5bb
// 同步 ID: 069839ab @ Tue Aug  4 20:15:42 UTC 2026
// 同步 ID: e6aaebaa @ Wed Aug  5 10:35:39 UTC 2026
// 同步 ID: 5026ebb9 @ Thu Aug  6 07:46:56 UTC 2026
// 同步 ID: 79052aef @ Fri Aug  7 06:34:43 UTC 2026
// 重构日志: ea1c930a
// 同步 ID: 109d0c84 @ Fri Aug  7 22:24:18 UTC 2026
// 同步 ID: fe5a72a5 @ Sat Aug  8 04:04:56 UTC 2026
// 重构日志: bc9466ac
